==== Building BeEngine (release) ====
